
> react-kavia@0.1.0 start
> react-scripts start

(node:593) [DEP_WEBPACK_DEV_SERVER_ON_AFTER_SETUP_MIDDLEWARE] DeprecationWarning: 'onAfterSetupMiddleware' option is deprecated. Please use the 'setupMiddlewares' option.
(Use `node --trace-deprecation ...` to show where the warning was created)
(node:593) [DEP_WEBPACK_DEV_SERVER_ON_BEFORE_SETUP_MIDDLEWARE] DeprecationWarning: 'onBeforeSetupMiddleware' option is deprecated. Please use the 'setupMiddlewares' option.
Starting the development server...

Compiled successfully!

You can now view react-kavia in the browser.

  Local:            http://localhost:3000
  On Your Network:  http://172.17.0.2:3000

Note that the development build is not optimized.
To create a production build, use npm run build.

webpack compiled successfully
Compiling...
Failed to compile.

Module not found: Error: Can't resolve 'react-router-dom' in '/home/kavia/workspace/code-generation/piggyquest-26760-7505f1b8/piggyquest_frontend/src'
ERROR in ./src/App.js 5:0-80
Module not found: Error: Can't resolve 'react-router-dom' in '/home/kavia/workspace/code-generation/piggyquest-26760-7505f1b8/piggyquest_frontend/src'

ERROR in ./src/App.js 7:0-44
Module not found: Error: Can't resolve './HomeDashboard' in '/home/kavia/workspace/code-generation/piggyquest-26760-7505f1b8/piggyquest_frontend/src'

ERROR in ./src/App.js 8:0-36
Module not found: Error: Can't resolve './GoalSetup' in '/home/kavia/workspace/code-generation/piggyquest-26760-7505f1b8/piggyquest_frontend/src'

ERROR in ./src/App.js 9:0-48
Module not found: Error: Can't resolve './ParentDashboard' in '/home/kavia/workspace/code-generation/piggyquest-26760-7505f1b8/piggyquest_frontend/src'

ERROR in ./src/App.js 10:0-44
Module not found: Error: Can't resolve './SavingsReport' in '/home/kavia/workspace/code-generation/piggyquest-26760-7505f1b8/piggyquest_frontend/src'

webpack compiled with 5 errors
Compiling...
Failed to compile.

Module not found: Error: Can't resolve 'react-router-dom' in '/home/kavia/workspace/code-generation/piggyquest-26760-7505f1b8/piggyquest_frontend/src'
ERROR in ./src/App.js 5:0-80
Module not found: Error: Can't resolve 'react-router-dom' in '/home/kavia/workspace/code-generation/piggyquest-26760-7505f1b8/piggyquest_frontend/src'

ERROR in ./src/App.js 8:0-36
Module not found: Error: Can't resolve './GoalSetup' in '/home/kavia/workspace/code-generation/piggyquest-26760-7505f1b8/piggyquest_frontend/src'

ERROR in ./src/App.js 9:0-48
Module not found: Error: Can't resolve './ParentDashboard' in '/home/kavia/workspace/code-generation/piggyquest-26760-7505f1b8/piggyquest_frontend/src'

ERROR in ./src/App.js 10:0-44
Module not found: Error: Can't resolve './SavingsReport' in '/home/kavia/workspace/code-generation/piggyquest-26760-7505f1b8/piggyquest_frontend/src'

webpack compiled with 4 errors
Compiling...
Failed to compile.

Module not found: Error: Can't resolve 'react-router-dom' in '/home/kavia/workspace/code-generation/piggyquest-26760-7505f1b8/piggyquest_frontend/src'
ERROR in ./src/App.js 5:0-80
Module not found: Error: Can't resolve 'react-router-dom' in '/home/kavia/workspace/code-generation/piggyquest-26760-7505f1b8/piggyquest_frontend/src'

ERROR in ./src/App.js 8:0-36
Module not found: Error: Can't resolve './GoalSetup' in '/home/kavia/workspace/code-generation/piggyquest-26760-7505f1b8/piggyquest_frontend/src'

ERROR in ./src/App.js 9:0-48
Module not found: Error: Can't resolve './ParentDashboard' in '/home/kavia/workspace/code-generation/piggyquest-26760-7505f1b8/piggyquest_frontend/src'

ERROR in ./src/App.js 10:0-44
Module not found: Error: Can't resolve './SavingsReport' in '/home/kavia/workspace/code-generation/piggyquest-26760-7505f1b8/piggyquest_frontend/src'

webpack compiled with 4 errors
Compiling...
Failed to compile.

Module not found: Error: Can't resolve 'react-router-dom' in '/home/kavia/workspace/code-generation/piggyquest-26760-7505f1b8/piggyquest_frontend/src'
ERROR in ./src/App.js 5:0-80
Module not found: Error: Can't resolve 'react-router-dom' in '/home/kavia/workspace/code-generation/piggyquest-26760-7505f1b8/piggyquest_frontend/src'

ERROR in ./src/App.js 9:0-48
Module not found: Error: Can't resolve './ParentDashboard' in '/home/kavia/workspace/code-generation/piggyquest-26760-7505f1b8/piggyquest_frontend/src'

ERROR in ./src/App.js 10:0-44
Module not found: Error: Can't resolve './SavingsReport' in '/home/kavia/workspace/code-generation/piggyquest-26760-7505f1b8/piggyquest_frontend/src'

webpack compiled with 3 errors
Compiling...
Failed to compile.

Module not found: Error: Can't resolve 'react-router-dom' in '/home/kavia/workspace/code-generation/piggyquest-26760-7505f1b8/piggyquest_frontend/src'
ERROR in ./src/App.js 5:0-80
Module not found: Error: Can't resolve 'react-router-dom' in '/home/kavia/workspace/code-generation/piggyquest-26760-7505f1b8/piggyquest_frontend/src'

ERROR in ./src/App.js 9:0-48
Module not found: Error: Can't resolve './ParentDashboard' in '/home/kavia/workspace/code-generation/piggyquest-26760-7505f1b8/piggyquest_frontend/src'

ERROR in ./src/App.js 10:0-44
Module not found: Error: Can't resolve './SavingsReport' in '/home/kavia/workspace/code-generation/piggyquest-26760-7505f1b8/piggyquest_frontend/src'

webpack compiled with 3 errors
Compiling...
Failed to compile.

Module not found: Error: Can't resolve 'react-router-dom' in '/home/kavia/workspace/code-generation/piggyquest-26760-7505f1b8/piggyquest_frontend/src'
ERROR in ./src/App.js 5:0-80
Module not found: Error: Can't resolve 'react-router-dom' in '/home/kavia/workspace/code-generation/piggyquest-26760-7505f1b8/piggyquest_frontend/src'

ERROR in ./src/App.js 9:0-48
Module not found: Error: Can't resolve './ParentDashboard' in '/home/kavia/workspace/code-generation/piggyquest-26760-7505f1b8/piggyquest_frontend/src'

ERROR in ./src/App.js 10:0-44
Module not found: Error: Can't resolve './SavingsReport' in '/home/kavia/workspace/code-generation/piggyquest-26760-7505f1b8/piggyquest_frontend/src'

webpack compiled with 3 errors
Compiling...
Failed to compile.

Module not found: Error: Can't resolve 'react-router-dom' in '/home/kavia/workspace/code-generation/piggyquest-26760-7505f1b8/piggyquest_frontend/src'
ERROR in ./src/App.js 5:0-80
Module not found: Error: Can't resolve 'react-router-dom' in '/home/kavia/workspace/code-generation/piggyquest-26760-7505f1b8/piggyquest_frontend/src'

ERROR in ./src/App.js 10:0-44
Module not found: Error: Can't resolve './SavingsReport' in '/home/kavia/workspace/code-generation/piggyquest-26760-7505f1b8/piggyquest_frontend/src'

webpack compiled with 2 errors
Compiling...
Failed to compile.

Module not found: Error: Can't resolve 'react-router-dom' in '/home/kavia/workspace/code-generation/piggyquest-26760-7505f1b8/piggyquest_frontend/src'
ERROR in ./src/App.js 5:0-80
Module not found: Error: Can't resolve 'react-router-dom' in '/home/kavia/workspace/code-generation/piggyquest-26760-7505f1b8/piggyquest_frontend/src'

ERROR in ./src/App.js 10:0-44
Module not found: Error: Can't resolve './SavingsReport' in '/home/kavia/workspace/code-generation/piggyquest-26760-7505f1b8/piggyquest_frontend/src'

webpack compiled with 2 errors
Compiling...
Failed to compile.

Module not found: Error: Can't resolve 'react-router-dom' in '/home/kavia/workspace/code-generation/piggyquest-26760-7505f1b8/piggyquest_frontend/src'
ERROR in ./src/App.js 5:0-80
Module not found: Error: Can't resolve 'react-router-dom' in '/home/kavia/workspace/code-generation/piggyquest-26760-7505f1b8/piggyquest_frontend/src'

ERROR in ./src/App.js 10:0-44
Module not found: Error: Can't resolve './SavingsReport' in '/home/kavia/workspace/code-generation/piggyquest-26760-7505f1b8/piggyquest_frontend/src'

webpack compiled with 2 errors
Compiling...
Failed to compile.

Module not found: Error: Can't resolve 'react-router-dom' in '/home/kavia/workspace/code-generation/piggyquest-26760-7505f1b8/piggyquest_frontend/src'
ERROR in ./src/App.js 5:0-80
Module not found: Error: Can't resolve 'react-router-dom' in '/home/kavia/workspace/code-generation/piggyquest-26760-7505f1b8/piggyquest_frontend/src'

ERROR in ./src/App.js 10:0-44
Module not found: Error: Can't resolve './SavingsReport' in '/home/kavia/workspace/code-generation/piggyquest-26760-7505f1b8/piggyquest_frontend/src'

webpack compiled with 2 errors
Compiling...
Failed to compile.

Module not found: Error: Can't resolve 'react-router-dom' in '/home/kavia/workspace/code-generation/piggyquest-26760-7505f1b8/piggyquest_frontend/src'
ERROR in ./src/App.js 5:0-80
Module not found: Error: Can't resolve 'react-router-dom' in '/home/kavia/workspace/code-generation/piggyquest-26760-7505f1b8/piggyquest_frontend/src'

webpack compiled with 1 error
Compiling...
Failed to compile.

Module not found: Error: Can't resolve 'react-router-dom' in '/home/kavia/workspace/code-generation/piggyquest-26760-7505f1b8/piggyquest_frontend/src'
ERROR in ./src/App.js 5:0-80
Module not found: Error: Can't resolve 'react-router-dom' in '/home/kavia/workspace/code-generation/piggyquest-26760-7505f1b8/piggyquest_frontend/src'

webpack compiled with 1 error
